
================================================================================
PART 1.  TRAJECTORY entropy production = SUM of per-step cocycle increments
================================================================================

  Classical fact (Crooks PRE 60 2721 (1999); Maes JSP 95 367 (1999);
  Schnakenberg RMP 48 571 (1976); instantiated in paper10 T1/T2, paper4 s34):
  for an ordered transport P(y|x) with stationary pi, the entropy production of
  a TRAJECTORY omega = x_0 -> x_1 -> ... -> x_n is the path log-likelihood ratio

      A[omega] = log( dP_fwd[omega] / dP_rev[omega] ),

  and because the path measure FACTORIZES over the steps (the order is a genuine
  ordered/Markov transport), the log telescopes into a SUM of per-step exchange-
  cocycle increments

      A[omega] = sum_{k=0}^{n-1} a(x_k, x_{k+1}),
      a(x,y) = log[ pi(x) P(y|x) / ( pi(y) P(x|y) ) ].

  This sum is the SEQUENTIAL (concatenation-along-the-path) structure: each step
  contributes its own increment, and consecutive steps' increments ADD.  This is
  the odometer at the trajectory level, before any expectation is taken.

  stationary pi (record-label law)                       [0.333333333333333333, 0.333333333333333333, 0.333333333333333333] 
  stationarity residual max|pi P - pi|                   4.31128e-122 
  per-step sigma_step = E_fwd[a] = D(P_AB||P_BA)         0.626381484247683997844060310993 (>0: DRIVEN, arrow present)

  A[full 6-edge path]                                    7.51657781097220797412872373191 
  A[seg1 (edges 0-2)]                                    3.75828890548610398706436186596 
  A[seg2 (edges 3-5)]                                    3.75828890548610398706436186596 
  CONCATENATION GAP  A_full - (A_seg1+A_seg2)            7.74518e-121 (=0: trajectory entropy production CONCATENATES additively)

================================================================================
PART 2.  EXPECTED arrow sigma accumulates ADDITIVELY over the commit order
================================================================================

  Taking expectations of PART 1's path-sum: along a STATIONARY commit order, the
  expected trajectory entropy production over n consecutive steps is

      Sigma(n) = E[ A[omega over n steps] ] = sum_{k} E[a_k] = n * sigma_step,

  because expectation is linear and every step is stationary.  Hence over the
  commit order

      Sigma(n1 + n2) = Sigma(n1) + Sigma(n2)          (SEQUENTIAL additivity),

  i.e. chi := accumulated sigma is a CONCATENATION-additive ODOMETER.  We verify
  the segment additivity directly (and note it needs NO detailed balance -- it
  holds for the driven sigma>0 chain, so it is NOT a reversibility artifact).

  Sigma(1) (brute-force expectation)                     0.626381484247683997844060310993 
  Sigma(2)                                               1.25276296849536799568812062199 
  Sigma(3)                                               1.87914445274305199353218093298 
  Sigma(5)                                               3.13190742123841998922030155496 

  Sigma(1) = sigma_step ?  gap                           0.0 
  Sigma(2) = 2 sigma_step ?  gap                         1.9363e-121 
  Sigma(2+3)=Sigma(2)+Sigma(3) ?  gap                    -4.64711e-120 (SEQUENTIAL additivity of accumulated arrow)
  linear-in-n:  Sigma(5) - 5 sigma_step                  -4.25985e-120 
  d_chi = sigma_step >= 0  (Arrow-Positivity, paper10 T2) True (non-negative odometer increment)

  HONESTY refinement (the two levels of additivity, kept distinct):
   * TRAJECTORY (sample-path) level:  A[seg1->seg2] = A[seg1] + A[seg2] is
     UNCONDITIONAL -- it is just log(product of step ratios) = sum of logs; it
     holds for ANY start, stationary or not (PART 1's gap 1e-120 is start-free).
     This is the odometer s3.2 actually invokes (chi is the accumulated content
     ALONG a realized commit order, a sample-path quantity).
   * EXPECTED-per-step UNIFORMITY  Sigma(n) = n*sigma_step needs STATIONARITY
     (else the per-step expectation drifts as the chain relaxes).  s3.2 does NOT
     need this stronger clause -- it needs concatenation additivity, which is the
     trajectory-level statement.  We flag the distinction so the 'FORCED' claim is
     not overstated: additivity = forced unconditionally; the constant per-step
     RATE is a stationary-regime refinement, not required for the odometer.

  sigma_step == D(P_AB||P_BA) joint KL ?  gap            0.0 (paper10 T2 identity, exact)

================================================================================
PART 3.  PARALLEL/TENSOR  vs  SEQUENTIAL/ODOMETER  -- distinct compositions
================================================================================

  Two DIFFERENT additive composition laws live on the same cocycle.  We compute
  both gaps on explicit numbers to show they are structurally distinct (different
  ways of putting two diamonds together) that happen to share 'additive'.

  (P) PARALLEL / TENSOR  (paper4 s34):  two INDEPENDENT diamonds D1, D2; the joint
      law is the PRODUCT law P_{D1xD2} = P_{D1} (x) P_{D2}; the cocycle of the
      product is the SUM because log of a product is a sum of logs:
          A_{D1 x D2}(x1,x2 ; y1,y2) = a1(x1,y1) + a2(x2,y2).
      Composition = SIDE BY SIDE (tensor product of two separate records).

  (S) SEQUENTIAL / ODOMETER:  ONE chain, two CONSECUTIVE stretches seg1, seg2 of
      the SAME commit order; the accumulated arrow over the concatenation is the
      sum because the trajectory entropy production telescopes (PART 1):
          chi(seg1 -> seg2) = chi(seg1) + chi(seg2).
      Composition = NOSE TO TAIL (concatenation along the order).

  (P) sigma(D1)                                          0.62638148424768399784406 
  (P) sigma(D2)                                          0.00326652022500560114580286 
  (P) sigma(D1 x D2)  [product/tensor]                   0.629648004472689598989863 
  (P) PARALLEL GAP  sigma_prod-(s1+s2)                   0.0 (=0: tensor cocycle additive, paper4 s34)

  (S) chi(seg1)                                          3.75828890548610398706436 
  (S) chi(seg2)                                          3.75828890548610398706436 
  (S) chi(seg1 -> seg2)  [concatenation]                 7.51657781097220797412872 
  (S) SEQUENTIAL GAP  chi_concat-(c1+c2)                 7.74518e-121 (=0: trajectory entropy production telescopes)

  BOTH gaps are 0, but the COMPOSITIONS differ:
    (P) acts on a PRODUCT state space  (x1,x2)   -- two records side by side;
    (S) acts on a CONCATENATED order   x0..xn    -- one record, end to end.
  The parallel law is 'independence => logs add'; the sequential law is
  'Markov path factorizes => the trajectory cocycle telescopes'.  The hostile
  review was RIGHT that they are different; the point of this receipt is that the
  SEQUENTIAL one is the one s3.2's Cauchy equation needs, and it is supplied --
  not by the tensor cocycle -- but by the path-additivity of entropy production.


================================================================================
PART 4.  Is the SEQUENTIAL odometer a THEOREM?  (arrow-positivity + cochain)
================================================================================

  Two clauses must hold for the s3.2 odometer:
    (i)  CONCATENATION additivity:  chi(seg1->seg2) = chi(seg1)+chi(seg2);
    (ii) NON-NEGATIVE increment:    d_chi >= 0.

  (i) is PART 1's telescoping of the trajectory entropy production -- a theorem
      GIVEN chi := accumulated sigma and an ordered (Markov-presentable) commit
      transport.  (ii) is exactly Arrow-Positivity (paper10 T2): each increment
      d_chi = d_sigma = D(P_AB||P_BA)_step >= 0, with equality iff detailed
      balance (an eventless, arrow-less step -- which by paper10 T3 is NOT a seal).

  -- arrow-positivity floor: sigma_step >= 0 along reversible->driven family --
     eps=0.00:  sigma_step = d_chi                       -4.68655254342384673e-243 >=0 <- detailed balance (eventless: NOT a seal, paper10 T3)
     eps=0.05:  sigma_step = d_chi                       0.0302280871872933611 >=0
     eps=0.10:  sigma_step = d_chi                       0.123807841681244686 >=0
     eps=0.20:  sigma_step = d_chi                       0.554517744447956248 >=0
     eps=0.30:  sigma_step = d_chi                       1.76666338749986428 >=0

  (iii) THE HOLONOMY-COCHAIN TELESCOPE (paper4 s44).  For a chain of sealed
  diamonds with oriented interface cochains h_0,...,h_N, the local source is
  rho_i = h_{i+1} - h_i, and the chain accumulation telescopes EXACTLY:
      sum_{i=a}^{b-1} rho_i = h_b - h_a.
  This is the SAME concatenation-additive structure: the cochain increments
  accumulate end-to-end along the chain of diamonds.  We verify the telescope.

  h (interface cochain, paper4 s45)                      [0.15, 0.72, -0.08, 0.46, 0.91] 
  rho_i = h_{i+1}-h_i                                    [0.57, -0.8, 0.54, 0.45] 
  sum_{i=1}^{3} rho_i                                    0.19 
  h_4 - h_1                                              0.19 
  TELESCOPE GAP                                          0.0 (=0: cochain accumulation is concatenation-additive)

  So the cochain ledger ALREADY carries a concatenation-additive accumulation
  (s44's telescope).  The arrow chi = accumulated D(P_AB||P_BA) is the SAME kind
  of object: a chain sum of per-diamond increments along the commit order.


================================================================================
PART 5.  HONEST VERDICT  --  is the sequential odometer FORCED or ASSUMED?
================================================================================

  Decompose s3.2's named premise 'sequential content-additivity' into its two
  clauses and rate each HONESTLY.

  CLAUSE (i)  CONCATENATION ADDITIVITY  chi(seg1->seg2)=chi(seg1)+chi(seg2).
    STATUS: FORCED (UNCONDITIONALLY at the trajectory level), once chi :=
            accumulated entropy production.
    WHY:  trajectory entropy production is the path log-likelihood ratio
          A[omega]=log dP_fwd/dP_rev, and for an ordered transport the path
          measure factorizes, so A telescopes into a SUM of per-step cocycle
          increments (PART 1, gap 1e-120).  Sums concatenate additively by
          construction, for ANY start (stationary or not): the sample-path
          odometer is start-free.  Taking expectations preserves additivity
          (PART 2): Sigma(n1+n2)=Sigma(n1)+Sigma(n2) (gaps 1e-120), with NO
          detailed-balance assumption (holds for driven sigma>0).  [The STRONGER
          clause Sigma(n)=n*sigma_step -- a CONSTANT per-step rate -- needs
          stationarity, but s3.2 does NOT need it; it needs concatenation
          additivity, the trajectory statement, which is unconditional.]  This is
          NOT the parallel/tensor cocycle (PART 3): it is the path-telescoping of
          entropy production, the SEQUENTIAL composition s3.2 actually needs.
          The cochain ledger carries the identical telescope (PART 4(iii)).

  CLAUSE (ii)  NON-NEGATIVE INCREMENT  d_chi >= 0.
    STATUS: FORCED, by Arrow-Positivity (paper10 T2).
    WHY:  d_chi = d_sigma = D(P_AB||P_BA)_step >= 0 exactly, with equality iff
          detailed balance -- and a detailed-balance (eventless, arrow-less) step
          is by paper10 T3 NOT a seal.  So every genuine seal step contributes a
          strictly-positive increment, and chi is a monotone non-decreasing
          ODOMETER.  (PART 4 family: sigma_step>=0 on reversible->driven, =0 only
          at the eventless point.)

  THE ONE REMAINING ASSUMPTION (where the honesty lives):
    The identification  chi := accumulated entropy production sigma = D(P_AB||P_BA).
    Paper 1 v7 s2 ALREADY ADOPTS THIS ('the only state variable available pre-
    geometrically is chi = D(P_AB||P_BA)', and 'the arrow/entropy-production
    functional').  GIVEN that identification (which is a DEFINITION the corpus
    has already made, not a new premise), BOTH clauses of the odometer follow as
    theorems.  The only further structural requirement is that the commit order
    be a genuine ORDERED transport (Markov-presentable at the collar) so the path
    measure factorizes -- which is precisely paper10's standing arena (the
    eventless collar is a finite primitive Markov presentation, T4) and the
    Barandes link (events break Markovianity, BETWEEN events the collar is
    ordered/Markov: paper10 s2.6).

  CONSEQUENCE for s5.1 and s3.2:
    The 'sequential content-additivity (an odometer)' that s3.2 lists as a
    SEPARATE, ASSUMED premise -- distinct from the parallel/tensor cocycle -- is
    NOT an independent assumption.  It is FORCED by:
      * the corpus definition chi := accumulated sigma (paper10 T2; s2 of Paper 1),
      * the path-additivity (telescoping) of trajectory entropy production,
      * Arrow-Positivity for the d_chi>=0 clause (paper10 T2),
      * the same telescope the holonomy cochain already obeys (paper4 s44).
    This CLOSES the ADDITIVITY half of s5.1: the odometer is a theorem of the
    record/arrow structure, not a named premise.  Paper 1 s3.2 had TWO named
    premises (sequential additivity; dense-vs-sparse/divisible).  The first is
    DISCHARGED.  What remains genuinely open in s5.1 is ONLY the dense-vs-sparse
    (divisible-vs-indivisible) question -- the density of seals (s5.3) -- which is
    untouched by this result.

  CAVEAT (kept explicit, single-threaded honesty):
    'FORCED' here is conditional on chi being accumulated entropy production and
    on the commit order being an ordered (Markov-presentable) transport.  These
    are the corpus' OWN standing commitments (paper10's arena, Paper 1 s2's
    definition), so within Paper 1's framework the odometer is a theorem; it is
    NOT forced from outside those commitments.  The residual s5.1 obligation 'does
    the closed-holonomy ledger intrinsically SUPPLY the increment d_chi' (i.e.
    GENERATE its magnitude per diamond) is a DIFFERENT question -- the SIZE of the
    increment and its conversion kappa -- and is NOT what this receipt closes.
    This receipt closes the STRUCTURE (additivity + sign), not the MAGNITUDE.


================================================================================
CANONICAL OUTPUT BLOCK  (F3c sequential-odometer receipt)
================================================================================

  driven record chain (pre-geometric kinematics, dps=120):
    stationarity residual              = 4.311e-122
    per-step sigma_step (= d_chi)      = 0.6263814842476839978440603  (>0: arrow present)

  PART 1  trajectory entropy production telescopes (SEQUENTIAL):
    A_full - (A_seg1 + A_seg2)         = 7.745e-121   (concatenation-additive)

  PART 2  accumulated arrow is additive over the commit order:
    Sigma(2+3) - (Sigma(2)+Sigma(3))   = -4.647e-120
    Sigma(5)  - 5*sigma_step           = -4.26e-120   (linear in commit steps)

  PART 3  PARALLEL vs SEQUENTIAL are DISTINCT additive laws (both gap 0):
    parallel/tensor   sigma_prod-(s1+s2)= 0.0   (side-by-side, paper4 s34)
    sequential/odom   chi_concat-(c1+c2)= 7.745e-121   (nose-to-tail, this work)

  PART 4  arrow-positivity + cochain telescope:
    sigma_step >= 0 on reversible->driven family   : TRUE (=0 only at eventless/non-seal)
    cochain telescope sum rho_i - (h_b - h_a)       = 0.0

  VERDICT:
    (i)  concatenation additivity  : FORCED (path entropy production telescopes)
    (ii) non-negative increment    : FORCED (Arrow-Positivity, paper10 T2)
    one remaining identification   : chi := accumulated sigma (corpus DEFINITION,
                                     already adopted in Paper 1 s2)
    => the SEQUENTIAL content-ODOMETER is a THEOREM of the record/arrow structure,
       NOT a separate assumption.  This DISCHARGES the additivity half of s5.1 and
       removes one of Paper 1 s3.2's two named premises.  The remaining open s5.1
       item is the MAGNITUDE/SUPPLY of d_chi and the dense-vs-sparse question -- not
       the additivity, which is now closed.

  Pre-geometric throughout: every number is a record-internal probability / KL /
  log-likelihood-ratio.  No spacetime, metric, light cone, or s^2 was used.


================================================================================
DONE.
================================================================================
