== (i) SU(3) representation data, computed from generators ==
   rep    dim   T(R)      A(R)     ||D_R - A D_fund|| (propor-
                                    tionality receipt)
   3        3    0.500    +1.000    0.0e+00
   3bar     3    0.500    -1.000    0.0e+00
   8        8    3.000    +0.000    0.0e+00
   6        6    2.500    +7.000    1.3e-15
   10      10    7.500   +27.000    2.7e-15
  -> A(3) = 1, A(3bar) = -1, A(8) = 0, A(6) = +7, A(10) = +27;
     T = 1/2, 1/2, 3, 5/2, 15/2 - COMPUTED, with every rep's cubic
     tensor exactly proportional to the d-symbol: one number per
     rep feeds the predicate.

== (ii) SU(2): the cubic vanishes; Witten takes its place ==
  ||d-tensor of SU(2)||_max = 0.0e+00  (IDENTICALLY ZERO: no cubic predicate exists)
  -> the SU(2) seam constraint is GLOBAL, not perturbative: the
     Witten condition (pi_4(SU(2)) = Z_2, named import): the
     number of Weyl doublets must be EVEN.

== (iii) the Phase II predicate stack ==
  SU(3)^3 / SU(3)^2-U(1) / SU(2)^2-U(1) / U(1)^3 / U(1)-grav /
  WITTEN-even / Z_6-LATTICE (P17's quotient receipt, promoted to
  a structural constraint).  Executed on the candidate space in
  p18f.
== p18e done ==
