== the alternative-tower exclusion ==
   tower (N,M)   pool   minimal chiral floor (Weyl)
     (3,2)        24     15
     (4,2)        24     NONE within bounds (<= 5 multiplets, |Y| <= 2NM)
     (5,2)        24     NONE within bounds (<= 5 multiplets, |Y| <= 2NM)
     (3,3)        38     36
     (4,3)        36     NONE within bounds (<= 5 multiplets, |Y| <= 2NM)

  the (3,2) floor content (15 Weyl):
    color 1  x weak 1    Y = -6
    color 1  x weak F    Y = +3
    color F  x weak 1    Y = -2
    color F  x weak 1    Y = +4
    color Fb x weak F    Y = -1

  (3,2) has the strictly smallest chiral floor among probed towers: PASS
  -> CONSOLIDATED STATUS of the fiber dimensions:
     - 3 = the first chirality-supporting stack (P14's exhaustion
       THEOREM - no genuinely chiral content below stack 3);
     - 2 = the minimal nontrivial fiber;
     - and now: among fiber towers (N, M), each equipped with ITS
       OWN derived lattice (the Paper 31 construction applied
       uniformly), the (3,2) tower has the smallest genuinely
       chiral anomaly-free floor at stated bounds - alternatives
       cost strictly more, or admit no floor at all.
     The remaining input is the MINIMALITY PRINCIPLE itself (why
     nature populates the cheapest chiral tower): named, graded,
     and assigned to (M)-dynamics - not silently absorbed.
== p31h done ==
