== (i) calibration (baseline-corrected detector) ==
  constant c = 1.3: sup|r~| = 6.0e-07, 2.9e-08  (floor)
  smooth c: rate = 0.969  (graded law: 1.0);  sup at t_max = 4.79e-02

== (ii) the graded forward law in 1d ==
   alpha    measured rate    predicted min(1, alpha/2)
   0.5      0.232            0.25
   1.0      0.494            0.50
   1.5      0.493            0.75
  -> the alpha <= 1 readings are clean (0.23/0.49 vs
     0.25/0.50); the alpha = 1.5 row is UNDER-RESOLVED in
     this window (the grid rounds the cusp and mixes the
     t^0.75 signal with the smooth tail) - reported as-is.
     The corrected-converse receipts below use the clean
     smooth-vs-nonsmooth separation, which is unaffected.

== (iii) the homogenization impostor and its expiry ==
  microstructure delta = 1/32, amplitude 0.6:
  arithmetic mean = 1.0000, harmonic mean = 0.8000,
  kernel-reported effective c at t >> delta^2 = 0.8045  (0.6% from harmonic)
  below the crossover (delta^2 = 9.8e-04): sup|r~| = 0.52 (O(1) violation)
  -> a NON-SMOOTH coefficient reads as the smooth effective
     (harmonic-mean) metric above its lattice scale - the
     naive converse is FALSE - and breaks away below it:
     the impostor is SCALE-BOUNDED.  Corrected converse:
     full-rate decay AT ALL SCALES.

== (iv) the adversarial wall: hiding a real cusp ==
   smooth control excess: 0.072
   eta     adversary-minimized excess
   0.2     0.306
   0.4     0.538
   0.8     0.929
  -> cusp excess stays above the smooth control at every
     amplitude: PASS - no
     adversary in this dressing class hides a genuine cusp
     from the whole ladder: impostors are scale-bounded,
     cusps are not concealable.
== p32a done ==
