== (i) class recovery: alpha-hat = 2 x rate ==
   true alpha   x0     eta    alpha-hat
     0.5      0.63   1.13    0.48
     0.5      0.49   0.98    0.53
     0.5      0.54   1.12    0.50
     1.0      0.65   0.55    0.99
     1.0      0.39   1.17    1.00
     1.0      0.87   0.71    1.01
  max |alpha-hat - alpha| = 0.03
  -> the detector INVERTS: the Holder class is recovered
     from rates alone (alpha <= 1 scope, as receipted in
     p32a).

== (ii) position recovery ==
  6 random cusps: max |x-hat - x0| = 0.0007  (kernel width sqrt(t) = 0.0158)
  -> the singularity is LOCATED to within the kernel width:
     the inversion is local, not just global.

== (iii) the amplitude sandwich at fixed scale ==
   eta:    0.2  0.4  0.8  1.6
   sup|r~|:0.0146  0.0287  0.0556  0.1046
   sup/eta in [0.0654, 0.0730]  (spread x1.12)
  -> two-sidedly linear in the amplitude: the first-order
     rigidity inequality c1 eta <= signal <= c2 eta at
     demonstration scope - a detector ZERO at this scale
     forces amplitude zero.

== (iv) the constructive converse, blind ==
   true     verdict   rate   resid
   SMOOTH   SMOOTH    0.92  0.037
   SMOOTH   SMOOTH    0.91  0.038
   SMOOTH   SMOOTH    0.92  0.034
   SMOOTH   SMOOTH    0.91  0.038
   SMOOTH   SMOOTH    0.93  0.031
   CUSP     CUSP      0.25  0.005
   CUSP     CUSP      0.28  0.009
   CUSP     CUSP      0.28  0.009
   CUSP     CUSP      0.51  0.005
   CUSP     CUSP      0.29  0.011
   BREAK    BREAK    -0.08  0.026
   BREAK    BREAK    -0.06  0.031
  blind classification: 12/12 correct
  -> the decision rule separates smooth, cusp, and
     scale-break (impostor) classes from detector data
     alone: the corrected converse is CONSTRUCTIVE at
     demonstration scope.
== p32b done ==
