== (i) the rank-free catalog: receipts at d = 8, 16, 32 ==
   d =  8: palindrome fact. rel-err = 7.1e-17;  achiral |Im|/rho = 0.0e+00;  chiral capable: 0.016
   d = 16: palindrome fact. rel-err = 2.4e-16;  achiral |Im|/rho = 0.0e+00;  chiral capable: 0.026
   d = 32: palindrome fact. rel-err = 3.8e-16;  achiral |Im|/rho = 0.0e+00;  chiral capable: 0.001
  -> the ANT chain is dimension-blind, exactly as its proof
     requires: rank-free theorems stay theorems at any rank.

== (ii) the SOT engine: clustering without a gap ==
  near-gapless ledger (2nd eigenvalue 0.9990; probe loads
  the slow mode at 0.5):
    n =     10:  <u, T^n w> = 1.2475   (limit 1.0000)
    n =   1000:  <u, T^n w> = 1.0919   (limit 1.0000)
    n =  10000:  <u, T^n w> = 1.0000   (limit 1.0000)
    n = 100000:  <u, T^n w> = 1.0000   (limit 1.0000)
  -> SLOW (the 0.999 mode persists for thousands of steps)
     but COMPLETE: the engine needs no gap, only the
     spectral theorem (t^n -> 1_(t=1) boundedly on [0,1]).
  dense-spectrum mock (d = 400, eigenvalues packed against
  1 down to 1e-5 gaps):
    n = 1e3:  <u, T^n w> = 1.2433   (limit 0.7450)
    n = 1e5:  <u, T^n w> = 0.8458   (limit 0.7450)
    n = 1e7:  <u, T^n w> = 0.7450   (limit 0.7450)
  -> convergence marches through the packed spectrum: the
     SOT engine theorem in action - T self-adjoint <= 1 with
     T Omega = Omega clusters at ANY rank, including the
     infinite-rank limit this mock imitates.

== (iii) the frontier map ==
  RANK-FREE (proofs functorial in rank; port verbatim):
    ANT + reflection-axis lemma; palindrome factorization;
    Stieltjes structure (spectral theorem); the collapse lemma
    (centrality + GNS); the normal escape (G = I algebra); the
    peripheral reduction (per-rank statement + limits); the
    exhaustion of reflection; DR-invisibility.
  RANK-UNIFORM BY THE SOT ENGINE (this paper's theorem):
    (E-bg) clustering; sector convergence T^n -> P_1; the
    background-reaching arguments of P31's (E) chain.
  RANK-RECEIPTED ONLY (searches and walls; no porting claim):
    the validity walls (s ~ 0.2); the NR receipts (d <= 5); the
    band/isolation measurements; the pinch coordinates; tower
    exclusion bounds.
  GENUINELY LIMIT-BOUND (the real frontier, named):
    continuous sector integrals (T-cont, part B); the L3/tame
    reconstruction beyond the tame class; (V); thermodynamic
    limits of the dynamics layer.
== p33a done ==
