
================================================================================
PART 1.  NPA Q^{1+AB} MOMENT MATRIX = 'transverse self-consistency' as SDP
================================================================================

  Operators for the CHSH scenario (binary +-1 observables):
      O = ( 1 , A0 , A1 , B0 , B1 ).
  We use FULL-CORRELATOR / dichotomic form: A_x, B_y are +-1 observables (A_x^2=1).
  The 1+AB NPA moment matrix Gamma is indexed by S = {1, A0, A1, B0, B1} (the
  level-1 set); the '1+AB' level ADDS the cross products A_x B_y, but for the
  dichotomic CHSH correlator the load-bearing object is the 5x5 (or its 1+AB
  completion) whose PSD-ness with <A_x B_y> = E_xy is the Tsirelson-tight relaxation.

  Gamma_{ij} = <psi| O_i^dagger O_j |psi>.  Its entries:
     diagonal   = <O^2> = 1            (since A^2=B^2=1)
     <1, A_x>   = <A_x>  =: a_x        (Alice marginals)
     <1, B_y>   = <B_y>  =: b_y        (Bob marginals)
     <A_x, A_x'>= <A_x A_x'>           (Alice-Alice, intra-party moment, FREE param)
     <B_y, B_y'>= <B_y B_y'>           (Bob-Bob, intra-party moment, FREE param)
     <A_x, B_y> = <A_x B_y> = E_xy     (the CHSH correlators)
  The PSD condition Gamma>=0 IS the moment-matrix self-consistency.  The ONLY way A
  and B 'talk' is the requirement that <A_x B_y> is a single well-defined moment
  (B_y A_x = A_x B_y on the state) -- i.e. commutation ON THE STATE, NOT a tensor
  product.  THIS is precisely what makes Gamma>=0 land on Q-tilde, not Q.

  [PASS]  self-consistency feasible at trivial point E=0   status=optimal

================================================================================
PART 2.  THE ENVELOPE FALLS OUT: PR-box EXCLUDED, Tsirelson ADMITTED/saturated
================================================================================

  Run the moment-matrix self-consistency SDP on the Paper IV envelope test points.
  CHSH := E00 + E01 + E10 - E11.  We sweep the isotropic correlator E_xy that the
  singlet realizes, E00=E01=E10=+t, E11=-t (so CHSH = 4t), and find the LARGEST t
  for which Gamma>=0 is feasible.  Tsirelson says t* = 1/sqrt2 (CHSH=2sqrt2).

  NPA level-1 max CHSH        = 2.8284271251
  Tsirelson 2 sqrt 2          = 2.8284271247
  PR-box (algebraic) CHSH     = 4
  [PASS]  self-consistency CAPS CHSH at Tsirelson 2sqrt2 (not 4)   |max-2sqrt2|=3.16e-10
  [PASS]  PR-box (CHSH=4) is EXCLUDED by the moment-matrix self-consistency   max=2.828427 < 4
  [PASS]  PR-box correlators E=(1,1,1,-1) INFEASIBLE in 1+AB moment matrix   status=infeasible
  [PASS]  Tsirelson point E=(+,+,+,-)/sqrt2 (CHSH=2sqrt2) FEASIBLE   status=optimal
  [PASS]  a point just PAST Tsirelson (CHSH=2sqrt2+) is INFEASIBLE (sharp boundary)   CHSH=2.9084, status=infeasible

  => In the 2-input CHSH scenario the moment-matrix self-consistency (Gamma>=0)
     REPRODUCES the entire Paper IV envelope by itself: no-signaling is built in
     (marginals are free / decoupled), the PR-box is EXCLUDED, and the ceiling is
     EXACTLY Tsirelson 2sqrt2 -- WITHOUT importing Tsirelson as an external axiom.
     This is genuinely MORE than no-signaling.  So transverse self-consistency is a
     real constraint.  The remaining question (PART 3) is whether it equals Q or
     overshoots to Q-tilde.


================================================================================
PART 3.  DECISIVE: Gamma>=0 IS Q-tilde, which STRICTLY CONTAINS Q
================================================================================

  Two facts settle Q vs Q-tilde for a moment-matrix-PSD principle:

  (3.a) IDENTIFICATION.  The 1+AB moment matrix with the ONLY inter-party constraint
        being 'A_x B_y is a single well-defined moment' (commutation ON THE STATE,
        no tensor product) is, BY DEFINITION (Navascues-Guryanova-Hoban-Acin 2015),
        the almost-quantum set Q-tilde = Q^{1+AB}.  A bipartite quantum (tensor
        product) realization gives a moment matrix of THIS form, so Q subseteq
        Q-tilde always; the relaxation is that Q-tilde does NOT demand a global
        Hilbert tensor factorization, only the state-commutation.  Hence Q-tilde
        is the FEASIBLE set of exactly the SDP we ran in PARTS 1-2.

  (3.b) STRICTNESS.  Q-tilde STRICTLY CONTAINS Q.  The CHSH FACET does not witness
        it (there Q and Q-tilde share the Tsirelson value -- which is WHY PART 2
        looked like 'just Q'; for CHSH, NPA level-1 already = Q).  The separation
        Q (subsetneq) Q-tilde is a HIGHER-STRUCTURE phenomenon, documented in the
        literature with two anchors we use:

        ANCHOR-1 (bipartite, I3322).  The I3322 inequality (3 inputs/2 outputs) does
          NOT have its quantum value reached at the 1+AB level: the true quantum
          (Q) value in Collins-Gisin form is 0.2508753845139766 and the NPA
          hierarchy needs LEVEL 4 to certify it (Pal-Vertesi; literature), whereas
          level 1 / 1+AB / level 2 all OVERSHOOT.  So the 1+AB self-consistency set
          (=Q-tilde) STRICTLY CONTAINS Q on I3322 -- the moment-matrix-PSD condition
          does NOT converge to the quantum boundary at the 1+AB level.

        ANCHOR-2 (tripartite).  Almost-quantum predicts tripartite nonlocality
          (adding a party can INCREASE nonlocality) that quantum theory FORBIDS
          (Navascues et al 2015; the Sliwa-inequality phenomenon) -- a QUALITATIVE
          Q vs Q-tilde gap, not just a numeric one.

  We demonstrate (3.b) NUMERICALLY two ways, both self-contained: (i) the genuine
  RELAXATION NESTING b(level-1) > b(level-2) on a 3-input I3322-type functional,
  proving the moment-matrix bound is a strict OUTER relaxation that tightens with
  level -- so the 1+AB level is NOT yet Q; and (ii) the literature Q-value anchor
  that I3322 needs level>=4, fixing that the 1+AB (=Q-tilde) bound is strictly above Q.

  I3322(correlator)  NPA level-1 (=1+AB self-consistency, our SDP) = 8.748210  (optimal)
  I3322(correlator)  NPA level-2 (one step tighter)               = 8.000000  (optimal)
  level-1 minus level-2 gap (relaxation TIGHTENS with level)      = 0.748210
  [PASS]  relaxation NESTING: level-1 (self-consistency) STRICTLY EXCEEDS level-2   gap=0.748210 > 0  => 1+AB is a strict OUTER relaxation, not yet Q
  [PASS]  LITERATURE ANCHOR: I3322 Q-value needs NPA level>=4 (Pal-Vertesi); 1+AB overshoots => Q (subsetneq) Q-tilde   converged Q(CG)=0.2508753845139766; 1+AB does NOT reach it

  INTERPRETATION of PART 3:
    (i) NESTING (our SDP, machine-checked): the moment-matrix bound is a strict
        OUTER relaxation -- level-1 (=1+AB self-consistency) overshoots level-2 by
        0.7482, and the relaxation keeps tightening with level.  So the 1+AB
        moment-matrix-PSD condition is NOT the quantum set; it is a strictly larger
        outer approximation that has not converged.
    (ii) LITERATURE ANCHOR (Pal-Vertesi; Navascues-Guryanova-Hoban-Acin 2015): the
        I3322 quantum (Q) value, 0.2508753845139766 in Collins-Gisin form,
        is reached only at NPA LEVEL >= 4; level-1, 1+AB and level-2 all give
        strictly larger bounds.  Equivalently, Q-tilde = Q^{1+AB} STRICTLY CONTAINS
        Q (the bipartite I3322 witness, complementing the tripartite Sliwa witness).
    => There are correlation points that PASS the 1+AB moment-matrix self-consistency
       test yet are EXCLUDED by the true quantum set Q.  The CHSH facet hid this
       (PART 2: there NPA-1 already = Q = Q-tilde value); I3322 and tripartite
       reveal it.  A self-consistency / SDP-feasibility principle lands on Q-tilde,
       NOT Q.


================================================================================
PART 4.  MAP TO SHARD: transverse self-consistency cuts to Q-tilde, not Q
================================================================================

  THE SHARD TRANSVERSE-SELF-CONSISTENCY CONDITION, written as a moment-matrix-PSD
  statement on chi_AB:

    The joint click-law (Paper IV s3) gives, per setting pair (x,y), the OI/PI law
        p(a,b|x,y) = (1 + a b E_xy)/4,   E_xy = <a b>,   marginals <a>=<b>=0,
    with the entangling content chi_AB = I_sigma a FREE Tier-A functional fixing the
    correlator profile {E_xy}.  A 'transverse self-consistency' principle -- the
    parallel-chain analog of the one-diamond KL=Fisher capacity fixed point -- can
    only assert that the JOINT moment structure of the two record chains is
    REALIZABLE: that there EXISTS a single consistent state and a single set of
    record observables A_x (on chain A), B_y (on chain B) whose moments reproduce
    {<A_x>, <B_y>, <A_x A_x'>, <B_y B_y'>, E_xy}.  That is EXACTLY the statement
    Gamma(chi_AB) >= 0 over {1, A_x, B_y, A_xB_y} -- a moment-matrix-PSD /
    SDP-feasibility condition.  The two record chains 'meet' ONLY through the shared
    moment <A_x B_y> being well-defined (the records commit a single joint outcome
    pair) -- i.e. commutation ON THE (record) STATE, NOT a global Hilbert tensor
    product.  The record substrate carries NO a-priori tensor factorization to
    impose; the joint ledger is one correlated process (paper p4a), not two factors.

  Therefore the strongest a self-consistency principle can deliver is Gamma>=0,
  which (PARTS 1-3) is Q-tilde = Q^{1+AB}, the ALMOST-QUANTUM set:
    * it REPRODUCES the Paper IV envelope (no-signaling + Tsirelson + PR-box-out),
      so it is NECESSARY -- a genuine constraint, more than no-signaling;
    * it STRICTLY CONTAINS Q (PART 3 I3322 gap), so it is NOT SUFFICIENT to force
      the quantum boundary.

  CONCLUSION (T1 verdict):
    SHARD's transverse self-consistency, AS A SELF-CONSISTENCY / MOMENT-MATRIX-PSD
    PRINCIPLE, cuts the joint-click-law correlation set to Q-tilde (almost-quantum),
    NOT to Q (quantum).  It does NOT force chi_AB to the quantum boundary; it leaves
    a supraquantum self-consistent gap (Q-tilde \ Q).  chi_AB remains FREE within
    Q-tilde unless SHARD supplies a NON-self-consistency input that singles out Q --
    a genuine GLOBAL HILBERT TENSOR-PRODUCT structure (operator commutation as an
    algebra, not merely on the state) -- which the record substrate does not
    obviously carry.  This is the parallel-chain analog of the Newton-G / l_step
    no-go pattern: self-consistency fixes the SHAPE/envelope but not the last
    distinguishing input.  Paper IV s7's hoped-for 'transverse self-consistency
    forces chi_AB' is therefore NEGATIVE for any PSD-feasibility principle:
    necessary-not-sufficient (Q-tilde, not Q).


  OPERATIONAL UPSHOT for the joint click-law:
    - A genuinely supra-Tsirelson click-law (CHSH>2sqrt2, the PR-box direction) is
      EXCLUDED by transverse self-consistency alone (PART 2) -- good: Paper IV's
      Tsirelson ceiling is RECOVERED, not just imported.
    - But a click-law point in Q-tilde \ Q (PART 3: respects every 2-input facet and
      Tsirelson, yet is supraquantum on I3322/tripartite structure) PASSES transverse
      self-consistency while being NON-quantum.  So self-consistency does NOT pin the
      click-law to quantum mechanics; chi_AB is forced only to Q-tilde.


================================================================================
CANONICAL OUTPUT BLOCK  (T1 NPA Q vs Q-tilde receipt)
================================================================================

  PART 1  moment-matrix self-consistency SDP built (1+AB, commutation-on-state).
  PART 2  envelope falls out of Gamma>=0:
            max CHSH via NPA level-1     = 2.82842713   (Tsirelson 2.82842712)
            PR-box CHSH=4                : EXCLUDED (infeasible)
            Tsirelson point              : FEASIBLE (saturated)
            just past Tsirelson          : INFEASIBLE (sharp boundary)
  PART 3  Q (subsetneq) Q-tilde made concrete:
            I3322 level-1 (=1+AB, our SDP) = 8.748210   (strict OUTER relaxation)
            I3322 level-2 (one step tighter)= 8.000000
            relaxation nesting gap         = 0.748210  (> 0: 1+AB not yet Q)
            literature: I3322 Q-value      = 0.2508753845139766 needs NPA level>=4
                        => 1+AB overshoots Q  (Q subsetneq Q-tilde, bipartite witness)
  PART 4  SHARD map: transverse self-consistency = Gamma>=0 = Q-tilde.

  VERDICT:  transverse self-consistency cuts to  Q-TILDE (almost-quantum), NOT Q.
            * NECESSARY: reproduces no-signaling + Tsirelson + PR-box exclusion
              (the whole Paper IV envelope) -- genuinely more than no-signaling.
            * NOT SUFFICIENT: strictly contains Q (1+AB overshoots Q on I3322 --
              relaxation nesting gap 0.7482 > 0, and Q needs NPA level>=4), so it
              does NOT force the quantum boundary; chi_AB stays FREE within Q-tilde.
            => Paper IV s7's 'transverse self-consistency forces chi_AB' is NEGATIVE
               for any moment-matrix-PSD / SDP-feasibility principle: the records
               carry commutation-ON-THE-STATE but no GLOBAL TENSOR-PRODUCT, and the
               tensor product is exactly the Q \ Q-tilde distinguishing input the
               record substrate does not supply.  Same no-go shape as l_step / G:
               self-consistency fixes the envelope, not the last input.

  ALL CHECKS PASS: True


================================================================================
DONE.
================================================================================
