
================================================================================
PART 1.  SHARD's KL-ARROW IS A MUTUAL INFORMATION WITH THE THREE IC PROPERTIES
================================================================================

  SHARD's arrow:  sigma = D(P_AB || P_BA)  (paper10),  and the process mutual
  information  I_sigma / E_cl  on Gamma_AB (p4a).  Information Causality needs a
  mutual-information functional with: (b) consistency w/ no-signaling, (c) a
  data-processing inequality, (d) a chain rule.  We verify SHARD's KL has all three.

  D(P||Q) (>=0)                                            0.11678338 
  CHECK  (1a) KL non-negative (Gibbs)                      PASS 
  I(A:B) (>=0)                                             0.023127974 
  CHECK  (1a') mutual information non-negative             PASS 
  I(A:B) on the PRODUCT law                                1.4870753e-121 
  CHECK  (1b) consistency: I(A:B)=0 iff product (no-signaling-consistent) PASS 
  I(A:B)  before processing                                0.023127974 
  I(A:B') after channel on B                               0.0081866366 
  CHECK  (1c) DATA-PROCESSING: I(A:B') <= I(A:B)           PASS 
  D(P||Q) full                                             0.23321131 
  D(MP||MQ) coarse-grained                                 0.091516222 
  CHECK  (1c') KL monotone under coarse-graining (DPI)     PASS 
  I(A:BC)                                                  0.1026493947 
  I(A:B) + I(A:C|B)                                        0.1026493947 
  chain-rule residual                                      3.63055e-122 
  CHECK  (1d) CHAIN RULE holds for SHARD's KL mutual information PASS 

  PART 1 verdict: SHARD's KL-arrow / process mutual information satisfies ALL THREE
  algebraic ingredients IC needs: non-negativity, no-signaling-consistency,
  data-processing, and the chain rule.  => the STATIC information-theoretic
  substrate of Information Causality is PRESENT in the click-law.  [the hook holds]


================================================================================
PART 2.  THE IC -> TSIRELSON QUANTITATIVE FACET (external theorem)
================================================================================

  Pawlowski et al: a no-signaling RANDOM-ACCESS CODE built from boxes of CHSH=S.
  Alice holds N=2 bits (a0,a1), sends m=1 bit; Bob wants a_k (k in {0,1}).  Using a
  box with correlation E and the optimal protocol, Bob's guess of a_k has success
  prob  P_k = (1+E)/2  with  E = S/(2 sqrt2) * (the per-box bias).  Information
  Causality:   I_tot = sum_k I(a_k : guess_k) <= m = 1  bit.
  For the canonical isotropic-box family, the IC quantity reduces to the
  Pawlowski bound:  the protocol's total information stays <= 1 bit IFF
       E^2 + ... ,  equivalently  the underlying CHSH  S <= 2 sqrt2.
  We compute the IC information for the protocol as a function of S and show the
  crossover is EXACTLY at S = 2 sqrt2.

  E* (per-correlator magnitude at Tsirelson)               0.7071067811865475244 
  CHSH S at E* :  S = 2 sqrt2 (four terms of |E*|)         2.8284271247461900976 
  IC margin V(E)=E^2-1/2 at E=0.60 (S<2sqrt2)              -0.14 (<=0: IC satisfied)
  IC margin V(E)=E^2-1/2 at E=1/sqrt2 (S=2sqrt2)           -9.6814798e-122 (<=0: IC satisfied)
  IC margin V(E)=E^2-1/2 at E=0.85 (S>2sqrt2)              0.2225 (<=0: IC satisfied)
  IC margin V(E)=E^2-1/2 at E=1 (PR-box, S=4)              0.5 (<=0: IC satisfied)
  CHECK  (2a) IC satisfied (V<=0) for E < 1/sqrt2 (sub-Tsirelson) PASS 
  CHECK  (2b) IC SATURATED (V=0) exactly at E=1/sqrt2 (Tsirelson, S=2sqrt2) PASS 
  CHECK  (2c) IC VIOLATED (V>0) for E > 1/sqrt2 (super-Tsirelson) PASS 
  CHECK  (2d) PR-box (E=1) maximally violates IC           PASS 

  PART 2 verdict: the IC facet is exactly E* = 1/sqrt2  <=>  CHSH = 2 sqrt2.  A theory
  that OBEYS Information Causality cannot exceed Tsirelson.  This is the EXTERNAL
  theorem (Pawlowski et al.); it is the lever T3 wants to pull from inside SHARD.


================================================================================
PART 3.  THE GAP AUDIT -- does SHARD's click-law FORCE the IC PROTOCOL (IC-e)?
================================================================================

  PART 1 gives the static functional (IC-a..d).  IC's Tsirelson derivation ALSO needs
  the OPERATIONAL protocol (IC-e): Alice ENCODES N stored bits into the shared box +
  m transmitted bits; Bob DECODES a chosen one.  The question that decides
  FORCES vs LEAVES-FREE:

    Does SHARD's FORCED click-law (forced-skeleton S=exp(-kappa chi),
    free-complement chi_AB; paper4 v7 / p4a / f5) ENTAIL that the records
    instantiate the no-signaling RANDOM-ACCESS CODE -- i.e. that the joint law
    is USED as a communication resource with an encode/decode protocol?

  We audit the three things IC-e requires and check each against what the click-law
  FORCES vs leaves FREE.

  e1 shared no-signaling resource exists (CHSH-tunable)    PRESENT but profile FREE (chi_AB Tier-A free input) 
  e2 encoding of N stored bits into box inputs             NOT forced by the click-law (a usage protocol, not a seal-law) 
  e3 m transmitted bits + decode rule                      NOT forced by the click-law (protocol layer, external to sealing) 
  static IC functional present (PART 1)                    True 
  RAC encode/decode protocol FORCED by click-law           False 
  => IC is a THEOREM of SHARD's forced click-law           False 
  CHECK  (3a) static IC substrate is present (necessary condition met) PASS 
  CHECK  (3b) the IC operational protocol is NOT forced by the seal-law PASS 
  CHECK  (3c) => IC-as-theorem requires an EXTRA (unforced) protocol postulate PASS 

  PART 3 verdict: SHARD SUPPLIES the information-theoretic SUBSTRATE Information
  Causality is built on (PART 1: a KL mutual information with DPI + chain rule), but
  the click-law as currently FORCED does NOT, by itself, instantiate the OPERATIONAL
  random-access-code PROTOCOL (IC-e) that the Tsirelson derivation runs on.  The
  seal-law says WHEN/WHAT records commit; IC needs the records to be USED as an
  encode-transmit-decode communication resource, which is an additional Tier-A
  structure, not entailed by survival-multiplicativity.  STATUS: PARTIAL.


================================================================================
PART 4.  CROSS-CHECK: do SHARD's forced ingredients supply ML or NAfNC instead?
================================================================================

  If IC needs an unforced protocol, do the other two principles fare better -- i.e.
  does SHARD FORCE the structure THEY need?  If not, IC stays the best (partial) route.

  ML requires                                              many-copy N->inf CLT/Gaussian macroscopic limit + local macro model (Q1) 
  forced by SHARD click-law                                False 
  CHECK  (4a) ML's many-copy CLT regime is NOT forced by the seal-law PASS 
  CHECK  (4a') note: ML characterizes Q1 STRICTLY LARGER than quantum (weaker than IC) PASS 
  NAfNC requires                                           XOR-encoded Boolean nonlocal-computation task + no-advantage demand 
  forced by SHARD click-law                                False 
  CHECK  (4b) NAfNC's nonlocal-computation task is NOT forced by the seal-law PASS 

  PART 4 verdict: NONE of the three principles' EXTRA (beyond no-signaling) structure
  is FORCED by SHARD's seal-law:
     IC    needs an encode/transmit/decode RAC protocol      -- not forced (but substrate present)
     ML    needs a many-copy CLT macroscopic limit (Q1)      -- not forced (and only gives Q1>Q)
     NAfNC needs an XOR Boolean nonlocal-computation task     -- not forced
  IC is the UNIQUELY CLOSEST: SHARD already carries IC's information-theoretic
  substrate (the KL mutual information with DPI + chain rule, PART 1); only the
  operational protocol is missing.  ML and NAfNC need wholly new task structures.


================================================================================
CANONICAL OUTPUT BLOCK  (T3 Tsirelson-derivation receipt)
================================================================================

  SHARD's forced Bell ingredients (paper14/f5/p4a):  SO, MI, PI/no-signaling forced;
  OI dropped; CHSH <= 2sqrt2 currently RESPECTED as an external ceiling.

  PART 1 (the hook):  SHARD's KL-arrow / process mutual information satisfies the
    THREE algebraic ingredients Information Causality is built on --
      non-negativity            yes
      no-signaling consistency  yes (I=0 iff product)
      DATA-PROCESSING ineq.     yes  (I(A:B') <= I(A:B); KL monotone, gap >= 0)
      CHAIN RULE                yes  (residual 3.631e-122)
    => the static information-theoretic SUBSTRATE of IC is PRESENT in the click-law.

  PART 2 (the external theorem):  the IC facet is E*=1/sqrt2 <=> CHSH=2sqrt2
    IC margin V(E)=E^2-1/2:  <0 sub-Tsirelson, =0 AT 2sqrt2, >0 super-Tsirelson, PR-box max.
    => any theory OBEYING IC cannot exceed Tsirelson.

  PART 3 (the gap):  IC's Tsirelson derivation ALSO needs the OPERATIONAL
    random-access-code protocol (encode N / transmit m / decode 1).  SHARD's FORCED
    click-law (forced-skeleton, free-complement) supplies the resource and the
    information functional but does NOT, by itself, FORCE the RAC protocol --
    that is an additional Tier-A usage structure, not entailed by sealing.

  PART 4 (cross-check):  ML needs a many-copy CLT macroscopic limit (and only gives
    Q1 > quantum); NAfNC needs an XOR Boolean nonlocal-computation task -- NEITHER
    forced by the seal-law.  IC is the uniquely closest (substrate already present).

  VERDICT (T3):  PARTIAL.  SHARD does NOT yet derive Tsirelson as a theorem, but it
  is ONE postulate away on the IC route, and that postulate is information-theoretic,
  not geometric: SHARD already owns IC's KL-mutual-information substrate (DPI +
  chain rule, PART 1); the only missing ingredient is that the records be USED as a
  no-signaling random-access code (IC-e).  IF a transverse self-consistency
  principle (the parallel-chain analog of the one-diamond KL=Fisher capacity that
  fixed the single-chain constants -- paper4 v7 s7 "open next step") forces the joint
  click-law to act as such an encode/decode capacity channel, THEN Information
  Causality -- hence Tsirelson 2sqrt2 -- becomes a THEOREM of the click-law.  Until
  then, 2sqrt2 stays RESPECTED (the Bell/Tsirelson envelope CONSTRAINS chi_AB, f5),
  not DERIVED.  forces-or-free for chi_AB on this axis: PARTIAL (substrate forced,
  protocol free).

  ALL CHECKS PASS: True


================================================================================
DONE.  (all machine-check asserts passed)
================================================================================
